<?xml version="1.0"?><testsuites><testsuite name="chrome" package="protractor" tests="1" errors="0" failures="0" time="0">
  <testcase classname="some_spec" name="should show &amp;apos;who&amp;apos; is awesome" time="NaN"/>
</testsuite></testsuites>