<?xml version="1.0"?><testsuites>

    <testsuite name="PhantomJS 1.9.2 (Mac OS X)" package="undefined" timestamp="2013-11-18T22:28:40" id="0" hostname="atlantis" tests="1" errors="0" failures="0" time="0.003">
        <properties>
            <property name="browser.fullName" value="Mozilla/5.0 (Macintosh; Intel Mac OS X) AppleWebKit/534.34 (KHTML, like Gecko) PhantomJS/1.9.2 Safari/534.34"/>
        </properties>
        <testcase name="should return hello first app" time="0.003" classname="PhantomJS 1.9.2 (Mac OS X).First app"/>
        <system-out><![CDATA[
                ]]></system-out>
        <system-err/>
    </testsuite>

</testsuites>