<?xml version="1.0"?><testsuites><testsuite name="PhantomJS 2.1.1 (Mac OS X 0.0.0)" package="" timestamp="2016-05-17T12:54:05" id="0" hostname="MACBOOK-MISCHAD.local" tests="12" errors="0" failures="1" time="0.06">
  <properties>
    <property name="browser.fullName" value="Mozilla/5.0 (Macintosh; Intel Mac OS X) AppleWebKit/538.1 (KHTML, like Gecko) PhantomJS/2.1.1 Safari/538.1"/>
  </properties>
  <testcase name="The todo controller bla should make the todo array available by default when api response is ok" time="0.016" classname="todo_controller_spec">
    <failure type="">ReferenceError: Strict mode forbids implicit creation of global property &apos;controller2&apos; in /Users/mischa/Development/workspace/github/angular-test-setup/test/karma/specs/todo.controller.spec.js (line 35)
/Users/mischa/Development/workspace/github/angular-test-setup/test/karma/specs/todo.controller.spec.js:34:30</failure>
  </testcase>
  <testcase name="The todo controller bla should make an empty todo array available by default when api response is nok" time="0.006" classname="todo_controller_spec"/>
  <testcase name="The todo controller bla should get remaining todos" time="0.003" classname="todo_controller_spec"/>
  <testcase name="The todo controller bla should add a todo and fetch todos when api response is ok" time="0.004" classname="todo_controller_spec"/>
  <testcase name="The todo controller bla should update a todo and fetch todos when api response is ok" time="0.003" classname="todo_controller_spec"/>
  <testcase name="The todo controller bla should update a todo and fetch todos when api response is nok" time="0.004" classname="todo_controller_spec"/>
  <testcase name="The todo controller bla should archive a todo and fetch todos when api response is ok" time="0.005" classname="todo_controller_spec"/>
  <testcase name="The todo controller bla should archive a todo and fetch todos when api response is nok" time="0.005" classname="todo_controller_spec"/>
  <testcase name="The todo service should get todos" time="0.006" classname="todo_service_spec"/>
  <testcase name="The todo service should add a todo" time="0.003" classname="todo_service_spec"/>
  <testcase name="The todo service should update a todo" time="0.002" classname="todo_service_spec"/>
  <testcase name="The todo service should archive a todo" time="0.003" classname="todo_service_spec"/>
  <system-out><![CDATA[
  ]]></system-out>
  <system-err/>
</testsuite><testsuite name="PhantomJS 1.9.8 (Mac OS X)" package="" timestamp="2016-01-08T22:27:24" id="0" hostname="aurora.local" tests="2" errors="0" failures="1" time="0.002">
  <properties>
    <property name="browser.fullName" value="Mozilla/5.0 (Macintosh; Intel Mac OS X) AppleWebKit/534.34 (KHTML, like Gecko) PhantomJS/1.9.8 Safari/534.34"/>
  </properties>
  <testcase name="should say hello app" time="0.001" classname="xSpec"/>
  <testcase name="should say goodbye &amp;quot;x&amp;quot; app" time="0.001" classname="xSpec">
    <failure type="">Expected &apos;goodbye x app&apos; to be &apos;hello x app&apos;.
    at /Users/mischa/workspace/karma-example/projectx/test/karma/xSpec.js:17</failure>
  </testcase>
  <system-out><![CDATA[
  ]]></system-out>
  <system-err/>
</testsuite><testsuite name="PhantomJS 1.9.8 (Mac OS X)" package="" timestamp="2015-09-10T16:00:50" id="0" hostname="aurora.local" tests="2" errors="0" failures="0" time="0.007">
  <properties>
    <property name="browser.fullName" value="Mozilla/5.0 (Macintosh; Intel Mac OS X) AppleWebKit/534.34 (KHTML, like Gecko) PhantomJS/1.9.8 Safari/534.34"/>
  </properties>
  <testcase name="should make the model accessible to the view" time="0.006" classname="other_controller_spec"/>
  <testcase name="should tell who is awesome" time="0.001" classname="other_service_spec"/>
  <system-out><![CDATA[PhantomJS 1.9.8 (Mac OS X) LOG: Object{totalSpecsDefined: 2}

]]></system-out>
  <system-err/>
</testsuite></testsuites>