<?xml version="1.0"?><unitTest version="1"><file path="test/karma/specs/todo_controller_spec.js"><testCase name="The todo controller should make the todo array available by default when api response is ok" duration="19"><failure message="">ReferenceError: Strict mode forbids implicit creation of global property 'controller2' in
            /Users/mischa/Development/workspace/github/angular-test-setup/test/karma/specs/todo.controller.spec.js (line
            35)
            /Users/mischa/Development/workspace/github/angular-test-setup/test/karma/specs/todo.controller.spec.js:34:26</failure></testCase></file><file path="test/karma/specs/todo_controller_spec.js"><testCase name="The todo controller should make an empty todo array available by default when api response is nok" duration="7"/></file><file path="test/karma/specs/todo_controller_spec.js"><testCase name="The todo controller should get remaining todos" duration="3"/></file><file path="test/karma/specs/todo_controller_spec.js"><testCase name="The todo controller should add a todo and fetch todos when api response is ok" duration="4"/></file><file path="test/karma/specs/todo_controller_spec.js"><testCase name="The todo controller should update a todo and fetch todos when api response is ok" duration="3"/></file><file path="test/karma/specs/todo_controller_spec.js"><testCase name="The todo controller should update a todo and fetch todos when api response is nok" duration="3"/></file><file path="test/karma/specs/todo_controller_spec.js"><testCase name="The todo controller should archive a todo and fetch todos when api response is ok" duration="4"/></file><file path="test/karma/specs/todo_controller_spec.js"><testCase name="The todo controller should archive a todo and fetch todos when api response is nok" duration="4"/></file><file path="test/karma/specs/todo_service_spec.js"><testCase name="The todo service should get todos" duration="6"/></file><file path="test/karma/specs/todo_service_spec.js"><testCase name="The todo service should add a todo" duration="2"/></file><file path="test/karma/specs/todo_service_spec.js"><testCase name="The todo service should update a todo" duration="2"/></file><file path="test/karma/specs/todo_service_spec.js"><testCase name="The todo service should archive a todo" duration="4"/></file><file path="test/karma/xSpec.js"><testCase name="should say hello app" duration="1"/></file><file path="test/karma/xSpec.js"><testCase name="should say goodbye &amp;quot;x&amp;quot; app" duration="1"><failure message="">Expected 'goodbye x app' to be 'hello x app'.
    at /Users/mischa/workspace/karma-example/projectx/test/karma/xSpec.js:17</failure></testCase></file><file path="test/unit/js/other/other_controller_spec.js"><testCase name="should make the model accessible to the view" duration="6"/></file><file path="test/unit/js/other/other_service_spec.js"><testCase name="should tell who is awesome" duration="1"/></file></unitTest>