<?xml version="1.0"?><testsuites><testsuite name="PhantomJS 1.9.8 (Mac OS X)" package="" timestamp="2015-04-07T13:27:04" id="0" hostname="aurora-2.local" tests="3" errors="0" failures="1" time="0">
  <properties>
    <property name="browser.fullName" value="Mozilla/5.0 (Macintosh; Intel Mac OS X) AppleWebKit/534.34 (KHTML, like Gecko) PhantomJS/1.9.8 Safari/534.34"/>
  </properties>
  <testcase name="should say hello app" time="0" classname="xSpec"/>
  <testcase name="should say see you later" time="0" classname="xSpec"/>
  <testcase name="should say goodbye &amp;quot;x&amp;quot; app" time="0" classname="xSpec">
    <failure type="">Expected 'goodbye x app' to be 'hello x app'.
    at /Users/mischa/workspace/karma-example/projectx/test/karma/xSpec.js:21</failure>
  </testcase>
  <system-out>PhantomJS 1.9.8 (Mac OS X) LOG: Object{totalSpecsDefined: 3}</system-out>
  <system-err/>
</testsuite></testsuites>